// Jest Snapshot v1, https://goo.gl/fbAQLP

exports[`components/Navigation/NavLink @renders should render correctly 1`] = `<withRouter(NavLink) />`;
