// Jest Snapshot v1, https://goo.gl/fbAQLP

exports[`components/Gui/Link @renders should render correctly 1`] = `
<Link
  href="/"
  linkType="route"
  target="_blank"
/>
`;
