// Jest Snapshot v1, https://goo.gl/fbAQLP

exports[`components/Gui/Wrapper @renders in default state 1`] = `
<glamorous(section)>
  <section
    className="css-4kgshc"
  />
</glamorous(section)>
`;
