// Jest Snapshot v1, https://goo.gl/fbAQLP

exports[`components/Navigation/NavItem @renders should render correctly 1`] = `
<glamorous(div)>
  <FadeSlide />
</glamorous(div)>
`;
